(gdb) run
The program being debugged has been started already.
Start it from the beginning? (y or n) y
Starting program: /home/stu13/s7/occ4548/Courses/CSCI243/Homeworks/hw3/act1/good-life 123
[Thread debugging using libthread_db enabled]
Using host libthread_db library "/lib/x86_64-linux-gnu/libthread_db.so.1".

        ..Welcome to the Game of life..

Breakpoint 2, main (argc=2, args=0x7fffffffe838) at good-life.c:143
143                   printf("%s", life[row][col]);
(gdb) display row
1: row = 0
(gdb) display col
2: col = 0
(gdb) whatis life
type = char [20][20]
(gdb) display life[row][col]
3: life[row][col] = 0 '\000'
(gdb) continue
Continuing.

Breakpoint 2, main (argc=2, args=0x7fffffffe838) at good-life.c:143
143                   printf("%s", life[row][col]);
1: row = 0
2: col = 1
3: life[row][col] = 0 '\000'
(gdb) continue 20
Will ignore next 19 crossings of breakpoint 2.  Continuing.
(null)(null)(null)(null)(null)(null)(null)(null)(null)(null)(null)(null)(null)(null)(null)(null)(null)(null)(null)(null)

Breakpoint 2, main (argc=2, args=0x7fffffffe838) at good-life.c:143
143                   printf("%s", life[row][col]);
1: row = 1
2: col = 1
3: life[row][col] = 0 '\000'
(gdb) continue
Continuing.

Breakpoint 2, main (argc=2, args=0x7fffffffe838) at good-life.c:143
143                   printf("%s", life[row][col]);
1: row = 1
2: col = 2
3: life[row][col] = 0 '\000'
(gdb) continue
Continuing.

Breakpoint 2, main (argc=2, args=0x7fffffffe838) at good-life.c:143
143                   printf("%s", life[row][col]);
1: row = 1
2: col = 3
3: life[row][col] = 0 '\000'
(gdb) continue
Continuing.

Breakpoint 2, main (argc=2, args=0x7fffffffe838) at good-life.c:143
143                   printf("%s", life[row][col]);
1: row = 1
2: col = 4
3: life[row][col] = 0 '\000'
(gdb) continue
Continuing.

Breakpoint 2, main (argc=2, args=0x7fffffffe838) at good-life.c:143
143                   printf("%s", life[row][col]);
1: row = 1
2: col = 5
3: life[row][col] = 0 '\000'
(gdb) continue
Continuing.

Breakpoint 2, main (argc=2, args=0x7fffffffe838) at good-life.c:143
143                   printf("%s", life[row][col]);
1: row = 1
2: col = 6
3: life[row][col] = 0 '\000'
(gdb) continue
Continuing.

Breakpoint 2, main (argc=2, args=0x7fffffffe838) at good-life.c:143
143                   printf("%s", life[row][col]);
1: row = 1
2: col = 7
3: life[row][col] = 0 '\000'
(gdb) continue
Continuing.

Breakpoint 2, main (argc=2, args=0x7fffffffe838) at good-life.c:143
143                   printf("%s", life[row][col]);
1: row = 1
2: col = 8
3: life[row][col] = 0 '\000'
(gdb) continue
Continuing.

Breakpoint 2, main (argc=2, args=0x7fffffffe838) at good-life.c:143
143                   printf("%s", life[row][col]);
1: row = 1
2: col = 9
3: life[row][col] = 0 '\000'
(gdb) continue
Continuing.

Breakpoint 2, main (argc=2, args=0x7fffffffe838) at good-life.c:143
143                   printf("%s", life[row][col]);
1: row = 1
2: col = 10
3: life[row][col] = 0 '\000'
(gdb) continue
Continuing.

Breakpoint 2, main (argc=2, args=0x7fffffffe838) at good-life.c:143
143                   printf("%s", life[row][col]);
1: row = 1
2: col = 11
3: life[row][col] = 0 '\000'
(gdb) continue
Continuing.

Breakpoint 2, main (argc=2, args=0x7fffffffe838) at good-life.c:143
143                   printf("%s", life[row][col]);
1: row = 1
2: col = 12
3: life[row][col] = 0 '\000'
(gdb) continue
Continuing.

Breakpoint 2, main (argc=2, args=0x7fffffffe838) at good-life.c:143
143                   printf("%s", life[row][col]);
1: row = 1
2: col = 13
3: life[row][col] = 0 '\000'
(gdb) continue
Continuing.

Breakpoint 2, main (argc=2, args=0x7fffffffe838) at good-life.c:143
143                   printf("%s", life[row][col]);
1: row = 1
2: col = 14
3: life[row][col] = 0 '\000'
(gdb) continue
Continuing.

Breakpoint 2, main (argc=2, args=0x7fffffffe838) at good-life.c:143
143                   printf("%s", life[row][col]);
1: row = 1
2: col = 15
3: life[row][col] = 0 '\000'
(gdb) continue
Continuing.

Breakpoint 2, main (argc=2, args=0x7fffffffe838) at good-life.c:143
143                   printf("%s", life[row][col]);
1: row = 1
2: col = 16
3: life[row][col] = 0 '\000'
(gdb) continue
Continuing.

Breakpoint 2, main (argc=2, args=0x7fffffffe838) at good-life.c:143
143                   printf("%s", life[row][col]);
1: row = 1
2: col = 17
3: life[row][col] = 0 '\000'
(gdb) continue
Continuing.

Breakpoint 2, main (argc=2, args=0x7fffffffe838) at good-life.c:143
143                   printf("%s", life[row][col]);
1: row = 1
2: col = 18
3: life[row][col] = 0 '\000'
(gdb) continue
Continuing.

Breakpoint 2, main (argc=2, args=0x7fffffffe838) at good-life.c:143
143                   printf("%s", life[row][col]);
1: row = 1
2: col = 19
3: life[row][col] = 0 '\000'
(gdb) continue
Continuing.
(null)(null)(null)(null)(null)(null)(null)(null)(null)(null)(null)(null)(null)(null)(null)(null)(null)(null)(null)(null)

Breakpoint 2, main (argc=2, args=0x7fffffffe838) at good-life.c:143
143                   printf("%s", life[row][col]);
1: row = 2
2: col = 0
3: life[row][col] = 0 '\000'
(gdb) continue
Continuing.

Breakpoint 2, main (argc=2, args=0x7fffffffe838) at good-life.c:143
143                   printf("%s", life[row][col]);
1: row = 2
2: col = 1
3: life[row][col] = 0 '\000'
(gdb) continue
Continuing.

Breakpoint 2, main (argc=2, args=0x7fffffffe838) at good-life.c:143
143                   printf("%s", life[row][col]);
1: row = 2
2: col = 2
3: life[row][col] = 0 '\000'
(gdb) continue
Continuing.

Breakpoint 2, main (argc=2, args=0x7fffffffe838) at good-life.c:143
143                   printf("%s", life[row][col]);
1: row = 2
2: col = 3
3: life[row][col] = 0 '\000'
(gdb) continue
Continuing.

Breakpoint 2, main (argc=2, args=0x7fffffffe838) at good-life.c:143
143                   printf("%s", life[row][col]);
1: row = 2
2: col = 4
3: life[row][col] = 0 '\000'
(gdb) continue
Continuing.

Breakpoint 2, main (argc=2, args=0x7fffffffe838) at good-life.c:143
143                   printf("%s", life[row][col]);
1: row = 2
2: col = 5
3: life[row][col] = 0 '\000'
(gdb) continue
Continuing.

Breakpoint 2, main (argc=2, args=0x7fffffffe838) at good-life.c:143
143                   printf("%s", life[row][col]);
1: row = 2
2: col = 6
3: life[row][col] = 0 '\000'
(gdb) continue
Continuing.

Breakpoint 2, main (argc=2, args=0x7fffffffe838) at good-life.c:143
143                   printf("%s", life[row][col]);
1: row = 2
2: col = 7
3: life[row][col] = 0 '\000'
(gdb) continue
Continuing.

Breakpoint 2, main (argc=2, args=0x7fffffffe838) at good-life.c:143
143                   printf("%s", life[row][col]);
1: row = 2
2: col = 8
3: life[row][col] = 0 '\000'
(gdb) continue
Continuing.

Breakpoint 2, main (argc=2, args=0x7fffffffe838) at good-life.c:143
143                   printf("%s", life[row][col]);
1: row = 2
2: col = 9
3: life[row][col] = 0 '\000'
(gdb) continue
Continuing.

Breakpoint 2, main (argc=2, args=0x7fffffffe838) at good-life.c:143
143                   printf("%s", life[row][col]);
1: row = 2
2: col = 10
3: life[row][col] = 0 '\000'
(gdb) continue
Continuing.

Breakpoint 2, main (argc=2, args=0x7fffffffe838) at good-life.c:143
143                   printf("%s", life[row][col]);
1: row = 2
2: col = 11
3: life[row][col] = 0 '\000'
(gdb) continue
Continuing.

Breakpoint 2, main (argc=2, args=0x7fffffffe838) at good-life.c:143
143                   printf("%s", life[row][col]);
1: row = 2
2: col = 12
3: life[row][col] = 0 '\000'
(gdb) continue
Continuing.

Breakpoint 2, main (argc=2, args=0x7fffffffe838) at good-life.c:143
143                   printf("%s", life[row][col]);
1: row = 2
2: col = 13
3: life[row][col] = 0 '\000'
(gdb) continue
Continuing.

Breakpoint 2, main (argc=2, args=0x7fffffffe838) at good-life.c:143
143                   printf("%s", life[row][col]);
1: row = 2
2: col = 14
3: life[row][col] = 0 '\000'
(gdb)
Continuing.

Breakpoint 2, main (argc=2, args=0x7fffffffe838) at good-life.c:143
143                   printf("%s", life[row][col]);
1: row = 2
2: col = 15
3: life[row][col] = 0 '\000'
(gdb)
Continuing.

Breakpoint 2, main (argc=2, args=0x7fffffffe838) at good-life.c:143
143                   printf("%s", life[row][col]);
1: row = 2
2: col = 16
3: life[row][col] = 0 '\000'
(gdb) continue
Continuing.

Breakpoint 2, main (argc=2, args=0x7fffffffe838) at good-life.c:143
143                   printf("%s", life[row][col]);
1: row = 2
2: col = 17
3: life[row][col] = 0 '\000'
(gdb)
Continuing.

Breakpoint 2, main (argc=2, args=0x7fffffffe838) at good-life.c:143
143                   printf("%s", life[row][col]);
1: row = 2
2: col = 18
3: life[row][col] = 0 '\000'
(gdb) continue
Continuing.

Breakpoint 2, main (argc=2, args=0x7fffffffe838) at good-life.c:143
143                   printf("%s", life[row][col]);
1: row = 2
2: col = 19
3: life[row][col] = 0 '\000'
(gdb)
Continuing.
(null)(null)(null)(null)(null)(null)(null)(null)(null)(null)(null)(null)(null)(null)(null)(null)(null)(null)(null)(null)

Breakpoint 2, main (argc=2, args=0x7fffffffe838) at good-life.c:143
143                   printf("%s", life[row][col]);
1: row = 3
2: col = 0
3: life[row][col] = 0 '\000'
(gdb) continue
Continuing.

Breakpoint 2, main (argc=2, args=0x7fffffffe838) at good-life.c:143
143                   printf("%s", life[row][col]);
1: row = 3
2: col = 1
3: life[row][col] = 0 '\000'
(gdb) continue
Continuing.

Breakpoint 2, main (argc=2, args=0x7fffffffe838) at good-life.c:143
143                   printf("%s", life[row][col]);
1: row = 3
2: col = 2
3: life[row][col] = 0 '\000'
(gdb) continue
Continuing.

Breakpoint 2, main (argc=2, args=0x7fffffffe838) at good-life.c:143
143                   printf("%s", life[row][col]);
1: row = 3
2: col = 3
3: life[row][col] = 0 '\000'
(gdb) continue
Continuing.

Breakpoint 2, main (argc=2, args=0x7fffffffe838) at good-life.c:143
143                   printf("%s", life[row][col]);
1: row = 3
2: col = 4
3: life[row][col] = 0 '\000'
(gdb) continue
Continuing.

Breakpoint 2, main (argc=2, args=0x7fffffffe838) at good-life.c:143
143                   printf("%s", life[row][col]);
1: row = 3
2: col = 5
3: life[row][col] = 0 '\000'
(gdb) continue
Continuing.

Breakpoint 2, main (argc=2, args=0x7fffffffe838) at good-life.c:143
143                   printf("%s", life[row][col]);
1: row = 3
2: col = 6
3: life[row][col] = 0 '\000'
(gdb) continue
Continuing.

Breakpoint 2, main (argc=2, args=0x7fffffffe838) at good-life.c:143
143                   printf("%s", life[row][col]);
1: row = 3
2: col = 7
3: life[row][col] = 0 '\000'
(gdb) continue
Continuing.

Breakpoint 2, main (argc=2, args=0x7fffffffe838) at good-life.c:143
143                   printf("%s", life[row][col]);
1: row = 3
2: col = 8
3: life[row][col] = 0 '\000'
(gdb) continue
Continuing.

Breakpoint 2, main (argc=2, args=0x7fffffffe838) at good-life.c:143
143                   printf("%s", life[row][col]);
1: row = 3
2: col = 9
3: life[row][col] = 0 '\000'
(gdb) continue
Continuing.

Breakpoint 2, main (argc=2, args=0x7fffffffe838) at good-life.c:143
143                   printf("%s", life[row][col]);
1: row = 3
2: col = 10
3: life[row][col] = 0 '\000'
(gdb) continue
Continuing.

Breakpoint 2, main (argc=2, args=0x7fffffffe838) at good-life.c:143
143                   printf("%s", life[row][col]);
1: row = 3
2: col = 11
3: life[row][col] = 0 '\000'
(gdb) continue
Continuing.

Breakpoint 2, main (argc=2, args=0x7fffffffe838) at good-life.c:143
143                   printf("%s", life[row][col]);
1: row = 3
2: col = 12
3: life[row][col] = 0 '\000'
(gdb) continue
Continuing.

Breakpoint 2, main (argc=2, args=0x7fffffffe838) at good-life.c:143
143                   printf("%s", life[row][col]);
1: row = 3
2: col = 13
3: life[row][col] = 0 '\000'
(gdb) continue
Continuing.

Breakpoint 2, main (argc=2, args=0x7fffffffe838) at good-life.c:143
143                   printf("%s", life[row][col]);
1: row = 3
2: col = 14
3: life[row][col] = 0 '\000'
(gdb) continue
Continuing.

Breakpoint 2, main (argc=2, args=0x7fffffffe838) at good-life.c:143
143                   printf("%s", life[row][col]);
1: row = 3
2: col = 15
3: life[row][col] = 0 '\000'
(gdb) continue
Continuing.

Breakpoint 2, main (argc=2, args=0x7fffffffe838) at good-life.c:143
143                   printf("%s", life[row][col]);
1: row = 3
2: col = 16
3: life[row][col] = 0 '\000'
(gdb) continue
Continuing.

Breakpoint 2, main (argc=2, args=0x7fffffffe838) at good-life.c:143
143                   printf("%s", life[row][col]);
1: row = 3
2: col = 17
3: life[row][col] = 0 '\000'
(gdb) continue
Continuing.

Breakpoint 2, main (argc=2, args=0x7fffffffe838) at good-life.c:143
143                   printf("%s", life[row][col]);
1: row = 3
2: col = 18
3: life[row][col] = 0 '\000'
(gdb) continue
Continuing.

Breakpoint 2, main (argc=2, args=0x7fffffffe838) at good-life.c:143
143                   printf("%s", life[row][col]);
1: row = 3
2: col = 19
3: life[row][col] = 0 '\000'
(gdb) continue
Continuing.
(null)(null)(null)(null)(null)(null)(null)(null)(null)(null)(null)(null)(null)(null)(null)(null)(null)(null)(null)(null)

Breakpoint 2, main (argc=2, args=0x7fffffffe838) at good-life.c:143
143                   printf("%s", life[row][col]);
1: row = 4
2: col = 0
3: life[row][col] = 0 '\000'
(gdb) continue
Continuing.

Breakpoint 2, main (argc=2, args=0x7fffffffe838) at good-life.c:143
143                   printf("%s", life[row][col]);
1: row = 4
2: col = 1
3: life[row][col] = 0 '\000'
(gdb) continue
Continuing.

Breakpoint 2, main (argc=2, args=0x7fffffffe838) at good-life.c:143
143                   printf("%s", life[row][col]);
1: row = 4
2: col = 2
3: life[row][col] = 0 '\000'
(gdb) continue
Continuing.

Breakpoint 2, main (argc=2, args=0x7fffffffe838) at good-life.c:143
143                   printf("%s", life[row][col]);
1: row = 4
2: col = 3
3: life[row][col] = 0 '\000'
(gdb) continue
Continuing.

Breakpoint 2, main (argc=2, args=0x7fffffffe838) at good-life.c:143
143                   printf("%s", life[row][col]);
1: row = 4
2: col = 4
3: life[row][col] = 0 '\000'
(gdb) continue
Continuing.

Breakpoint 2, main (argc=2, args=0x7fffffffe838) at good-life.c:143
143                   printf("%s", life[row][col]);
1: row = 4
2: col = 5
3: life[row][col] = 0 '\000'
(gdb) continue
Continuing.

Breakpoint 2, main (argc=2, args=0x7fffffffe838) at good-life.c:143
143                   printf("%s", life[row][col]);
1: row = 4
2: col = 6
3: life[row][col] = 0 '\000'
(gdb) continue
Continuing.

Breakpoint 2, main (argc=2, args=0x7fffffffe838) at good-life.c:143
143                   printf("%s", life[row][col]);
1: row = 4
2: col = 7
3: life[row][col] = 0 '\000'
(gdb) continue
Continuing.

Breakpoint 2, main (argc=2, args=0x7fffffffe838) at good-life.c:143
143                   printf("%s", life[row][col]);
1: row = 4
2: col = 8
3: life[row][col] = 0 '\000'
(gdb) continue
Continuing.

Breakpoint 2, main (argc=2, args=0x7fffffffe838) at good-life.c:143
143                   printf("%s", life[row][col]);
1: row = 4
2: col = 9
3: life[row][col] = 0 '\000'
(gdb) continue
Continuing.

Breakpoint 2, main (argc=2, args=0x7fffffffe838) at good-life.c:143
143                   printf("%s", life[row][col]);
1: row = 4
2: col = 10
3: life[row][col] = 0 '\000'
(gdb)
Continuing.

Breakpoint 2, main (argc=2, args=0x7fffffffe838) at good-life.c:143
143                   printf("%s", life[row][col]);
1: row = 4
2: col = 11
3: life[row][col] = 0 '\000'
(gdb) continue
Continuing.

Breakpoint 2, main (argc=2, args=0x7fffffffe838) at good-life.c:143
143                   printf("%s", life[row][col]);
1: row = 4
2: col = 12
3: life[row][col] = 0 '\000'
(gdb) continue
Continuing.

Breakpoint 2, main (argc=2, args=0x7fffffffe838) at good-life.c:143
143                   printf("%s", life[row][col]);
1: row = 4
2: col = 13
3: life[row][col] = 0 '\000'
(gdb) continue
Continuing.

Breakpoint 2, main (argc=2, args=0x7fffffffe838) at good-life.c:143
143                   printf("%s", life[row][col]);
1: row = 4
2: col = 14
3: life[row][col] = 0 '\000'
(gdb) continue
Continuing.

Breakpoint 2, main (argc=2, args=0x7fffffffe838) at good-life.c:143
143                   printf("%s", life[row][col]);
1: row = 4
2: col = 15
3: life[row][col] = 0 '\000'
(gdb) continue
Continuing.

Breakpoint 2, main (argc=2, args=0x7fffffffe838) at good-life.c:143
143                   printf("%s", life[row][col]);
1: row = 4
2: col = 16
3: life[row][col] = 0 '\000'
(gdb)
Continuing.

Breakpoint 2, main (argc=2, args=0x7fffffffe838) at good-life.c:143
143                   printf("%s", life[row][col]);
1: row = 4
2: col = 17
3: life[row][col] = 0 '\000'
(gdb)
Continuing.

Breakpoint 2, main (argc=2, args=0x7fffffffe838) at good-life.c:143
143                   printf("%s", life[row][col]);
1: row = 4
2: col = 18
3: life[row][col] = 0 '\000'
(gdb) continue
Continuing.

Breakpoint 2, main (argc=2, args=0x7fffffffe838) at good-life.c:143
143                   printf("%s", life[row][col]);
1: row = 4
2: col = 19
3: life[row][col] = 0 '\000'
(gdb)
Continuing.
(null)(null)(null)(null)(null)(null)(null)(null)(null)(null)(null)(null)(null)(null)(null)(null)(null)(null)(null)(null)

Breakpoint 2, main (argc=2, args=0x7fffffffe838) at good-life.c:143
143                   printf("%s", life[row][col]);
1: row = 5
2: col = 0
3: life[row][col] = 0 '\000'
(gdb) continue
Continuing.

Breakpoint 2, main (argc=2, args=0x7fffffffe838) at good-life.c:143
143                   printf("%s", life[row][col]);
1: row = 5
2: col = 1
3: life[row][col] = 0 '\000'
(gdb)
Continuing.

Breakpoint 2, main (argc=2, args=0x7fffffffe838) at good-life.c:143
143                   printf("%s", life[row][col]);
1: row = 5
2: col = 2
3: life[row][col] = 0 '\000'
(gdb) continue
Continuing.

Breakpoint 2, main (argc=2, args=0x7fffffffe838) at good-life.c:143
143                   printf("%s", life[row][col]);
1: row = 5
2: col = 3
3: life[row][col] = 0 '\000'
(gdb) continue
Continuing.

Breakpoint 2, main (argc=2, args=0x7fffffffe838) at good-life.c:143
143                   printf("%s", life[row][col]);
1: row = 5
2: col = 4
3: life[row][col] = 0 '\000'
(gdb) continue
Continuing.

Breakpoint 2, main (argc=2, args=0x7fffffffe838) at good-life.c:143
143                   printf("%s", life[row][col]);
1: row = 5
2: col = 5
3: life[row][col] = 0 '\000'
(gdb) continue
Continuing.

Breakpoint 2, main (argc=2, args=0x7fffffffe838) at good-life.c:143
143                   printf("%s", life[row][col]);
1: row = 5
2: col = 6
3: life[row][col] = 0 '\000'
(gdb) continue
Continuing.

Breakpoint 2, main (argc=2, args=0x7fffffffe838) at good-life.c:143
143                   printf("%s", life[row][col]);
1: row = 5
2: col = 7
3: life[row][col] = 0 '\000'
(gdb) continue
Continuing.

Breakpoint 2, main (argc=2, args=0x7fffffffe838) at good-life.c:143
143                   printf("%s", life[row][col]);
1: row = 5
2: col = 8
3: life[row][col] = 0 '\000'
(gdb) continue
Continuing.

Breakpoint 2, main (argc=2, args=0x7fffffffe838) at good-life.c:143
143                   printf("%s", life[row][col]);
1: row = 5
2: col = 9
3: life[row][col] = 0 '\000'
(gdb) continue
Continuing.

Breakpoint 2, main (argc=2, args=0x7fffffffe838) at good-life.c:143
143                   printf("%s", life[row][col]);
1: row = 5
2: col = 10
3: life[row][col] = 0 '\000'
(gdb) continue
Continuing.

Breakpoint 2, main (argc=2, args=0x7fffffffe838) at good-life.c:143
143                   printf("%s", life[row][col]);
1: row = 5
2: col = 11
3: life[row][col] = 0 '\000'
(gdb) continue
Continuing.

Breakpoint 2, main (argc=2, args=0x7fffffffe838) at good-life.c:143
143                   printf("%s", life[row][col]);
1: row = 5
2: col = 12
3: life[row][col] = -71 '\271'
(gdb) continue
Continuing.

Program received signal SIGSEGV, Segmentation fault.
__strlen_avx2_rtm () at ../sysdeps/x86_64/multiarch/strlen-avx2.S:76
76      ../sysdeps/x86_64/multiarch/strlen-avx2.S: No such file or directory.

The error was using %s format specifier with a char value instead of a char pointer. The printf function at line 143 expects %s to point to a string, but life[row][col] is a single character. This causes a segmentation fault when the character value is interpreted as a memory address.
